<?xml version="1.0" encoding="ISO-8859-1" ?>
<link_info>
   <banner>TI ARM Clang Linker PC v4.0.4.LTS</banner>
   <copyright>Copyright (c) 1996-2018 Texas Instruments Incorporated</copyright>
   <command_line>C:\ti\ccs2040\ccs\tools\compiler\ti-cgt-armllvm_4.0.4.LTS\bin\tiarmlnk -IC:\ti\ccs2040\ccs\tools\compiler\ti-cgt-armllvm_4.0.4.LTS\lib -o ECE319K_Lab9.out -mECE319K_Lab9.map --heap_size=512 --stack_size=512 -iC:/Users/bruhg/Downloads/MSPM0_ValvanoWare/ECE319K_Lab9/Debug/syscfg -iC:/ti/ccs2040/ccs/tools/compiler/ti-cgt-armllvm_4.0.4.LTS/lib --diag_wrap=off --display_error_number --warn_sections --xml_link_info=ECE319K_Lab9_linkInfo.xml --rom_model ./ADC1.o ./Arabic.o ./Clock.o ./DAC.o ./DAC5.o ./LED.o ./Lab9Main.o ./LaunchPad.o ./SPI.o ./ST7735.o ./SmallFont.o ./Sound.o ./Switch.o ./TExaS.o ./Timer.o ./diskio.o ./ff.o ./images/pipedreams/PipeSound.o ./ticlang/startup_mspm0g3507_ticlang.o ../mspm0g3507.cmd -lC:/ti/mspm0_sdk_2_09_00_01/source/ti/driverlib/lib/ticlang/m0p/mspm0g1x0x_g3x0x/driverlib.a -llibc.a --start-group -llibc++.a -llibc++abi.a -llibc.a -llibsys.a -llibsysbm.a -llibclang_rt.builtins.a -llibclang_rt.profile.a --end-group --cg_opt_level=0</command_line>
   <link_time>0x69f08491</link_time>
   <link_errors>0x0</link_errors>
   <output_file>C:\Users\bruhg\Downloads\MSPM0_ValvanoWare\ECE319K_Lab9\Debug\ECE319K_Lab9.out</output_file>
   <entry_point>
      <name>_c_int00_noargs</name>
      <address>0x1baf5</address>
   </entry_point>
   <input_file_list>
      <input_file id="fl-1">
         <path>C:\Users\bruhg\Downloads\MSPM0_ValvanoWare\ECE319K_Lab9\Debug\.\</path>
         <kind>object</kind>
         <file>ADC1.o</file>
         <name>ADC1.o</name>
      </input_file>
      <input_file id="fl-2">
         <path>C:\Users\bruhg\Downloads\MSPM0_ValvanoWare\ECE319K_Lab9\Debug\.\</path>
         <kind>object</kind>
         <file>Arabic.o</file>
         <name>Arabic.o</name>
      </input_file>
      <input_file id="fl-3">
         <path>C:\Users\bruhg\Downloads\MSPM0_ValvanoWare\ECE319K_Lab9\Debug\.\</path>
         <kind>object</kind>
         <file>Clock.o</file>
         <name>Clock.o</name>
      </input_file>
      <input_file id="fl-4">
         <path>C:\Users\bruhg\Downloads\MSPM0_ValvanoWare\ECE319K_Lab9\Debug\.\</path>
         <kind>object</kind>
         <file>DAC.o</file>
         <name>DAC.o</name>
      </input_file>
      <input_file id="fl-5">
         <path>C:\Users\bruhg\Downloads\MSPM0_ValvanoWare\ECE319K_Lab9\Debug\.\</path>
         <kind>object</kind>
         <file>DAC5.o</file>
         <name>DAC5.o</name>
      </input_file>
      <input_file id="fl-6">
         <path>C:\Users\bruhg\Downloads\MSPM0_ValvanoWare\ECE319K_Lab9\Debug\.\</path>
         <kind>object</kind>
         <file>LED.o</file>
         <name>LED.o</name>
      </input_file>
      <input_file id="fl-7">
         <path>C:\Users\bruhg\Downloads\MSPM0_ValvanoWare\ECE319K_Lab9\Debug\.\</path>
         <kind>object</kind>
         <file>Lab9Main.o</file>
         <name>Lab9Main.o</name>
      </input_file>
      <input_file id="fl-8">
         <path>C:\Users\bruhg\Downloads\MSPM0_ValvanoWare\ECE319K_Lab9\Debug\.\</path>
         <kind>object</kind>
         <file>LaunchPad.o</file>
         <name>LaunchPad.o</name>
      </input_file>
      <input_file id="fl-9">
         <path>C:\Users\bruhg\Downloads\MSPM0_ValvanoWare\ECE319K_Lab9\Debug\.\</path>
         <kind>object</kind>
         <file>SPI.o</file>
         <name>SPI.o</name>
      </input_file>
      <input_file id="fl-a">
         <path>C:\Users\bruhg\Downloads\MSPM0_ValvanoWare\ECE319K_Lab9\Debug\.\</path>
         <kind>object</kind>
         <file>ST7735.o</file>
         <name>ST7735.o</name>
      </input_file>
      <input_file id="fl-b">
         <path>C:\Users\bruhg\Downloads\MSPM0_ValvanoWare\ECE319K_Lab9\Debug\.\</path>
         <kind>object</kind>
         <file>SmallFont.o</file>
         <name>SmallFont.o</name>
      </input_file>
      <input_file id="fl-c">
         <path>C:\Users\bruhg\Downloads\MSPM0_ValvanoWare\ECE319K_Lab9\Debug\.\</path>
         <kind>object</kind>
         <file>Sound.o</file>
         <name>Sound.o</name>
      </input_file>
      <input_file id="fl-d">
         <path>C:\Users\bruhg\Downloads\MSPM0_ValvanoWare\ECE319K_Lab9\Debug\.\</path>
         <kind>object</kind>
         <file>Switch.o</file>
         <name>Switch.o</name>
      </input_file>
      <input_file id="fl-e">
         <path>C:\Users\bruhg\Downloads\MSPM0_ValvanoWare\ECE319K_Lab9\Debug\.\</path>
         <kind>object</kind>
         <file>TExaS.o</file>
         <name>TExaS.o</name>
      </input_file>
      <input_file id="fl-f">
         <path>C:\Users\bruhg\Downloads\MSPM0_ValvanoWare\ECE319K_Lab9\Debug\.\</path>
         <kind>object</kind>
         <file>Timer.o</file>
         <name>Timer.o</name>
      </input_file>
      <input_file id="fl-10">
         <path>C:\Users\bruhg\Downloads\MSPM0_ValvanoWare\ECE319K_Lab9\Debug\.\</path>
         <kind>object</kind>
         <file>diskio.o</file>
         <name>diskio.o</name>
      </input_file>
      <input_file id="fl-11">
         <path>C:\Users\bruhg\Downloads\MSPM0_ValvanoWare\ECE319K_Lab9\Debug\.\</path>
         <kind>object</kind>
         <file>ff.o</file>
         <name>ff.o</name>
      </input_file>
      <input_file id="fl-12">
         <path>C:\Users\bruhg\Downloads\MSPM0_ValvanoWare\ECE319K_Lab9\Debug\.\images\pipedreams\</path>
         <kind>object</kind>
         <file>PipeSound.o</file>
         <name>PipeSound.o</name>
      </input_file>
      <input_file id="fl-13">
         <path>C:\Users\bruhg\Downloads\MSPM0_ValvanoWare\ECE319K_Lab9\Debug\.\ticlang\</path>
         <kind>object</kind>
         <file>startup_mspm0g3507_ticlang.o</file>
         <name>startup_mspm0g3507_ticlang.o</name>
      </input_file>
      <input_file id="fl-1f">
         <path>C:\Users\bruhg\Downloads\MSPM0_ValvanoWare\ECE319K_Lab9\Debug\</path>
         <kind>object</kind>
         <file>&lt;internal&gt;</file>
         <name>&lt;internal&gt;</name>
      </input_file>
      <input_file id="fl-36">
         <path>C:\ti\ccs2040\ccs\tools\compiler\ti-cgt-armllvm_4.0.4.LTS\lib\armv6m-ti-none-eabi\c\</path>
         <kind>archive</kind>
         <file>libc.a</file>
         <name>fopen.c.obj</name>
      </input_file>
      <input_file id="fl-37">
         <path>C:\ti\ccs2040\ccs\tools\compiler\ti-cgt-armllvm_4.0.4.LTS\lib\armv6m-ti-none-eabi\c\</path>
         <kind>archive</kind>
         <file>libc.a</file>
         <name>setvbuf.c.obj</name>
      </input_file>
      <input_file id="fl-38">
         <path>C:\ti\ccs2040\ccs\tools\compiler\ti-cgt-armllvm_4.0.4.LTS\lib\armv6m-ti-none-eabi\c\</path>
         <kind>archive</kind>
         <file>libc.a</file>
         <name>aeabi_portable.c.obj</name>
      </input_file>
      <input_file id="fl-39">
         <path>C:\ti\ccs2040\ccs\tools\compiler\ti-cgt-armllvm_4.0.4.LTS\lib\armv6m-ti-none-eabi\c\</path>
         <kind>archive</kind>
         <file>libc.a</file>
         <name>exit.c.obj</name>
      </input_file>
      <input_file id="fl-3a">
         <path>C:\ti\ccs2040\ccs\tools\compiler\ti-cgt-armllvm_4.0.4.LTS\lib\armv6m-ti-none-eabi\c\</path>
         <kind>archive</kind>
         <file>libc.a</file>
         <name>_lock.c.obj</name>
      </input_file>
      <input_file id="fl-3b">
         <path>C:\ti\ccs2040\ccs\tools\compiler\ti-cgt-armllvm_4.0.4.LTS\lib\armv6m-ti-none-eabi\c\</path>
         <kind>archive</kind>
         <file>libc.a</file>
         <name>assert.c.obj</name>
      </input_file>
      <input_file id="fl-3c">
         <path>C:\ti\ccs2040\ccs\tools\compiler\ti-cgt-armllvm_4.0.4.LTS\lib\armv6m-ti-none-eabi\c\</path>
         <kind>archive</kind>
         <file>libc.a</file>
         <name>defs.c.obj</name>
      </input_file>
      <input_file id="fl-3d">
         <path>C:\ti\ccs2040\ccs\tools\compiler\ti-cgt-armllvm_4.0.4.LTS\lib\armv6m-ti-none-eabi\c\</path>
         <kind>archive</kind>
         <file>libc.a</file>
         <name>memory.c.obj</name>
      </input_file>
      <input_file id="fl-3e">
         <path>C:\ti\ccs2040\ccs\tools\compiler\ti-cgt-armllvm_4.0.4.LTS\lib\armv6m-ti-none-eabi\c\</path>
         <kind>archive</kind>
         <file>libc.a</file>
         <name>boot_cortex_m.c.obj</name>
      </input_file>
      <input_file id="fl-3f">
         <path>C:\ti\ccs2040\ccs\tools\compiler\ti-cgt-armllvm_4.0.4.LTS\lib\armv6m-ti-none-eabi\c\</path>
         <kind>archive</kind>
         <file>libc.a</file>
         <name>mathacl_init.c.obj</name>
      </input_file>
      <input_file id="fl-40">
         <path>C:\ti\ccs2040\ccs\tools\compiler\ti-cgt-armllvm_4.0.4.LTS\lib\armv6m-ti-none-eabi\c\</path>
         <kind>archive</kind>
         <file>libc.a</file>
         <name>autoinit.c.obj</name>
      </input_file>
      <input_file id="fl-41">
         <path>C:\ti\ccs2040\ccs\tools\compiler\ti-cgt-armllvm_4.0.4.LTS\lib\armv6m-ti-none-eabi\c\</path>
         <kind>archive</kind>
         <file>libc.a</file>
         <name>pre_init.c.obj</name>
      </input_file>
      <input_file id="fl-42">
         <path>C:\ti\ccs2040\ccs\tools\compiler\ti-cgt-armllvm_4.0.4.LTS\lib\armv6m-ti-none-eabi\c\</path>
         <kind>archive</kind>
         <file>libc.a</file>
         <name>cpy_tbl.c.obj</name>
      </input_file>
      <input_file id="fl-43">
         <path>C:\ti\ccs2040\ccs\tools\compiler\ti-cgt-armllvm_4.0.4.LTS\lib\armv6m-ti-none-eabi\c\</path>
         <kind>archive</kind>
         <file>libc.a</file>
         <name>copy_zero_init.c.obj</name>
      </input_file>
      <input_file id="fl-44">
         <path>C:\ti\ccs2040\ccs\tools\compiler\ti-cgt-armllvm_4.0.4.LTS\lib\armv6m-ti-none-eabi\c\</path>
         <kind>archive</kind>
         <file>libc.a</file>
         <name>copy_decompress_none.c.obj</name>
      </input_file>
      <input_file id="fl-45">
         <path>C:\ti\ccs2040\ccs\tools\compiler\ti-cgt-armllvm_4.0.4.LTS\lib\armv6m-ti-none-eabi\c\</path>
         <kind>archive</kind>
         <file>libc.a</file>
         <name>copy_decompress_lzss.c.obj</name>
      </input_file>
      <input_file id="fl-46">
         <path>C:\ti\ccs2040\ccs\tools\compiler\ti-cgt-armllvm_4.0.4.LTS\lib\armv6m-ti-none-eabi\c\</path>
         <kind>archive</kind>
         <file>libc.a</file>
         <name>sprintf.c.obj</name>
      </input_file>
      <input_file id="fl-47">
         <path>C:\ti\ccs2040\ccs\tools\compiler\ti-cgt-armllvm_4.0.4.LTS\lib\armv6m-ti-none-eabi\c\</path>
         <kind>archive</kind>
         <file>libc.a</file>
         <name>fclose.c.obj</name>
      </input_file>
      <input_file id="fl-48">
         <path>C:\ti\ccs2040\ccs\tools\compiler\ti-cgt-armllvm_4.0.4.LTS\lib\armv6m-ti-none-eabi\c\</path>
         <kind>archive</kind>
         <file>libc.a</file>
         <name>fflush.c.obj</name>
      </input_file>
      <input_file id="fl-49">
         <path>C:\ti\ccs2040\ccs\tools\compiler\ti-cgt-armllvm_4.0.4.LTS\lib\armv6m-ti-none-eabi\c\</path>
         <kind>archive</kind>
         <file>libc.a</file>
         <name>fputs.c.obj</name>
      </input_file>
      <input_file id="fl-4a">
         <path>C:\ti\ccs2040\ccs\tools\compiler\ti-cgt-armllvm_4.0.4.LTS\lib\armv6m-ti-none-eabi\c\</path>
         <kind>archive</kind>
         <file>libc.a</file>
         <name>_io_perm.c.obj</name>
      </input_file>
      <input_file id="fl-4b">
         <path>C:\ti\ccs2040\ccs\tools\compiler\ti-cgt-armllvm_4.0.4.LTS\lib\armv6m-ti-none-eabi\c\</path>
         <kind>archive</kind>
         <file>libc.a</file>
         <name>args_main.c.obj</name>
      </input_file>
      <input_file id="fl-4c">
         <path>C:\ti\ccs2040\ccs\tools\compiler\ti-cgt-armllvm_4.0.4.LTS\lib\armv6m-ti-none-eabi\c\</path>
         <kind>archive</kind>
         <file>libc.a</file>
         <name>_printfi.c.obj</name>
      </input_file>
      <input_file id="fl-4d">
         <path>C:\ti\ccs2040\ccs\tools\compiler\ti-cgt-armllvm_4.0.4.LTS\lib\armv6m-ti-none-eabi\c\</path>
         <kind>archive</kind>
         <file>libc.a</file>
         <name>fseek.c.obj</name>
      </input_file>
      <input_file id="fl-4e">
         <path>C:\ti\ccs2040\ccs\tools\compiler\ti-cgt-armllvm_4.0.4.LTS\lib\armv6m-ti-none-eabi\c\</path>
         <kind>archive</kind>
         <file>libc.a</file>
         <name>_ltoa.c.obj</name>
      </input_file>
      <input_file id="fl-4f">
         <path>C:\ti\ccs2040\ccs\tools\compiler\ti-cgt-armllvm_4.0.4.LTS\lib\armv6m-ti-none-eabi\c\</path>
         <kind>archive</kind>
         <file>libc.a</file>
         <name>atoi.c.obj</name>
      </input_file>
      <input_file id="fl-50">
         <path>C:\ti\ccs2040\ccs\tools\compiler\ti-cgt-armllvm_4.0.4.LTS\lib\armv6m-ti-none-eabi\c\</path>
         <kind>archive</kind>
         <file>libc.a</file>
         <name>memccpy.c.obj</name>
      </input_file>
      <input_file id="fl-51">
         <path>C:\ti\ccs2040\ccs\tools\compiler\ti-cgt-armllvm_4.0.4.LTS\lib\armv6m-ti-none-eabi\c\</path>
         <kind>archive</kind>
         <file>libc.a</file>
         <name>s_frexp.c.obj</name>
      </input_file>
      <input_file id="fl-52">
         <path>C:\ti\ccs2040\ccs\tools\compiler\ti-cgt-armllvm_4.0.4.LTS\lib\armv6m-ti-none-eabi\c\</path>
         <kind>archive</kind>
         <file>libc.a</file>
         <name>s_scalbn.c.obj</name>
      </input_file>
      <input_file id="fl-53">
         <path>C:\ti\ccs2040\ccs\tools\compiler\ti-cgt-armllvm_4.0.4.LTS\lib\armv6m-ti-none-eabi\c\</path>
         <kind>archive</kind>
         <file>libc.a</file>
         <name>wcslen.c.obj</name>
      </input_file>
      <input_file id="fl-54">
         <path>C:\ti\ccs2040\ccs\tools\compiler\ti-cgt-armllvm_4.0.4.LTS\lib\armv6m-ti-none-eabi\c\</path>
         <kind>archive</kind>
         <file>libc.a</file>
         <name>aeabi_ctype.S.obj</name>
      </input_file>
      <input_file id="fl-f4">
         <path>C:\ti\ccs2040\ccs\tools\compiler\ti-cgt-armllvm_4.0.4.LTS\lib\armv6m-ti-none-eabi\c\</path>
         <kind>archive</kind>
         <file>libsysbm.a</file>
         <name>hostexit.c.obj</name>
      </input_file>
      <input_file id="fl-f5">
         <path>C:\ti\ccs2040\ccs\tools\compiler\ti-cgt-armllvm_4.0.4.LTS\lib\armv6m-ti-none-eabi\c\</path>
         <kind>archive</kind>
         <file>libsysbm.a</file>
         <name>write.c.obj</name>
      </input_file>
      <input_file id="fl-f6">
         <path>C:\ti\ccs2040\ccs\tools\compiler\ti-cgt-armllvm_4.0.4.LTS\lib\armv6m-ti-none-eabi\c\</path>
         <kind>archive</kind>
         <file>libsysbm.a</file>
         <name>host_device.c.obj</name>
      </input_file>
      <input_file id="fl-f7">
         <path>C:\ti\ccs2040\ccs\tools\compiler\ti-cgt-armllvm_4.0.4.LTS\lib\armv6m-ti-none-eabi\c\</path>
         <kind>archive</kind>
         <file>libsysbm.a</file>
         <name>remove.c.obj</name>
      </input_file>
      <input_file id="fl-f8">
         <path>C:\ti\ccs2040\ccs\tools\compiler\ti-cgt-armllvm_4.0.4.LTS\lib\armv6m-ti-none-eabi\c\</path>
         <kind>archive</kind>
         <file>libsysbm.a</file>
         <name>open.c.obj</name>
      </input_file>
      <input_file id="fl-f9">
         <path>C:\ti\ccs2040\ccs\tools\compiler\ti-cgt-armllvm_4.0.4.LTS\lib\armv6m-ti-none-eabi\c\</path>
         <kind>archive</kind>
         <file>libsysbm.a</file>
         <name>lseek.c.obj</name>
      </input_file>
      <input_file id="fl-fa">
         <path>C:\ti\ccs2040\ccs\tools\compiler\ti-cgt-armllvm_4.0.4.LTS\lib\armv6m-ti-none-eabi\c\</path>
         <kind>archive</kind>
         <file>libsysbm.a</file>
         <name>close.c.obj</name>
      </input_file>
      <input_file id="fl-fb">
         <path>C:\ti\ccs2040\ccs\tools\compiler\ti-cgt-armllvm_4.0.4.LTS\lib\armv6m-ti-none-eabi\c\</path>
         <kind>archive</kind>
         <file>libsysbm.a</file>
         <name>add_device.c.obj</name>
      </input_file>
      <input_file id="fl-fc">
         <path>C:\ti\ccs2040\ccs\tools\compiler\ti-cgt-armllvm_4.0.4.LTS\lib\armv6m-ti-none-eabi\c\</path>
         <kind>archive</kind>
         <file>libsysbm.a</file>
         <name>unlink.c.obj</name>
      </input_file>
      <input_file id="fl-fd">
         <path>C:\ti\ccs2040\ccs\tools\compiler\ti-cgt-armllvm_4.0.4.LTS\lib\armv6m-ti-none-eabi\c\</path>
         <kind>archive</kind>
         <file>libsysbm.a</file>
         <name>hostclose.c.obj</name>
      </input_file>
      <input_file id="fl-fe">
         <path>C:\ti\ccs2040\ccs\tools\compiler\ti-cgt-armllvm_4.0.4.LTS\lib\armv6m-ti-none-eabi\c\</path>
         <kind>archive</kind>
         <file>libsysbm.a</file>
         <name>hostlseek.c.obj</name>
      </input_file>
      <input_file id="fl-ff">
         <path>C:\ti\ccs2040\ccs\tools\compiler\ti-cgt-armllvm_4.0.4.LTS\lib\armv6m-ti-none-eabi\c\</path>
         <kind>archive</kind>
         <file>libsysbm.a</file>
         <name>hostopen.c.obj</name>
      </input_file>
      <input_file id="fl-100">
         <path>C:\ti\ccs2040\ccs\tools\compiler\ti-cgt-armllvm_4.0.4.LTS\lib\armv6m-ti-none-eabi\c\</path>
         <kind>archive</kind>
         <file>libsysbm.a</file>
         <name>hostread.c.obj</name>
      </input_file>
      <input_file id="fl-101">
         <path>C:\ti\ccs2040\ccs\tools\compiler\ti-cgt-armllvm_4.0.4.LTS\lib\armv6m-ti-none-eabi\c\</path>
         <kind>archive</kind>
         <file>libsysbm.a</file>
         <name>hostrename.c.obj</name>
      </input_file>
      <input_file id="fl-102">
         <path>C:\ti\ccs2040\ccs\tools\compiler\ti-cgt-armllvm_4.0.4.LTS\lib\armv6m-ti-none-eabi\c\</path>
         <kind>archive</kind>
         <file>libsysbm.a</file>
         <name>hostunlink.c.obj</name>
      </input_file>
      <input_file id="fl-103">
         <path>C:\ti\ccs2040\ccs\tools\compiler\ti-cgt-armllvm_4.0.4.LTS\lib\armv6m-ti-none-eabi\c\</path>
         <kind>archive</kind>
         <file>libsysbm.a</file>
         <name>hostwrite.c.obj</name>
      </input_file>
      <input_file id="fl-104">
         <path>C:\ti\ccs2040\ccs\tools\compiler\ti-cgt-armllvm_4.0.4.LTS\lib\armv6m-ti-none-eabi\c\</path>
         <kind>archive</kind>
         <file>libsysbm.a</file>
         <name>trgmsg.c.obj</name>
      </input_file>
      <input_file id="fl-105">
         <path>C:\ti\ccs2040\ccs\tools\compiler\ti-cgt-armllvm_4.0.4.LTS\lib\armv6m-ti-none-eabi\</path>
         <kind>archive</kind>
         <file>libclang_rt.builtins.a</file>
         <name>adddf3.S.obj</name>
      </input_file>
      <input_file id="fl-106">
         <path>C:\ti\ccs2040\ccs\tools\compiler\ti-cgt-armllvm_4.0.4.LTS\lib\armv6m-ti-none-eabi\</path>
         <kind>archive</kind>
         <file>libclang_rt.builtins.a</file>
         <name>muldf3.S.obj</name>
      </input_file>
      <input_file id="fl-107">
         <path>C:\ti\ccs2040\ccs\tools\compiler\ti-cgt-armllvm_4.0.4.LTS\lib\armv6m-ti-none-eabi\</path>
         <kind>archive</kind>
         <file>libclang_rt.builtins.a</file>
         <name>muldsi3.S.obj</name>
      </input_file>
      <input_file id="fl-108">
         <path>C:\ti\ccs2040\ccs\tools\compiler\ti-cgt-armllvm_4.0.4.LTS\lib\armv6m-ti-none-eabi\</path>
         <kind>archive</kind>
         <file>libclang_rt.builtins.a</file>
         <name>divdf3.S.obj</name>
      </input_file>
      <input_file id="fl-109">
         <path>C:\ti\ccs2040\ccs\tools\compiler\ti-cgt-armllvm_4.0.4.LTS\lib\armv6m-ti-none-eabi\</path>
         <kind>archive</kind>
         <file>libclang_rt.builtins.a</file>
         <name>fixdfsi.S.obj</name>
      </input_file>
      <input_file id="fl-10a">
         <path>C:\ti\ccs2040\ccs\tools\compiler\ti-cgt-armllvm_4.0.4.LTS\lib\armv6m-ti-none-eabi\</path>
         <kind>archive</kind>
         <file>libclang_rt.builtins.a</file>
         <name>floatsidf.S.obj</name>
      </input_file>
      <input_file id="fl-10b">
         <path>C:\ti\ccs2040\ccs\tools\compiler\ti-cgt-armllvm_4.0.4.LTS\lib\armv6m-ti-none-eabi\</path>
         <kind>archive</kind>
         <file>libclang_rt.builtins.a</file>
         <name>floatunsidf.S.obj</name>
      </input_file>
      <input_file id="fl-10c">
         <path>C:\ti\ccs2040\ccs\tools\compiler\ti-cgt-armllvm_4.0.4.LTS\lib\armv6m-ti-none-eabi\</path>
         <kind>archive</kind>
         <file>libclang_rt.builtins.a</file>
         <name>muldi3.S.obj</name>
      </input_file>
      <input_file id="fl-10d">
         <path>C:\ti\ccs2040\ccs\tools\compiler\ti-cgt-armllvm_4.0.4.LTS\lib\armv6m-ti-none-eabi\</path>
         <kind>archive</kind>
         <file>libclang_rt.builtins.a</file>
         <name>truncdfsf2.S.obj</name>
      </input_file>
      <input_file id="fl-10e">
         <path>C:\ti\ccs2040\ccs\tools\compiler\ti-cgt-armllvm_4.0.4.LTS\lib\armv6m-ti-none-eabi\</path>
         <kind>archive</kind>
         <file>libclang_rt.builtins.a</file>
         <name>aeabi_dcmp.S.obj</name>
      </input_file>
      <input_file id="fl-10f">
         <path>C:\ti\ccs2040\ccs\tools\compiler\ti-cgt-armllvm_4.0.4.LTS\lib\armv6m-ti-none-eabi\</path>
         <kind>archive</kind>
         <file>libclang_rt.builtins.a</file>
         <name>aeabi_idivmod.S.obj</name>
      </input_file>
      <input_file id="fl-110">
         <path>C:\ti\ccs2040\ccs\tools\compiler\ti-cgt-armllvm_4.0.4.LTS\lib\armv6m-ti-none-eabi\</path>
         <kind>archive</kind>
         <file>libclang_rt.builtins.a</file>
         <name>aeabi_memcpy.S.obj</name>
      </input_file>
      <input_file id="fl-111">
         <path>C:\ti\ccs2040\ccs\tools\compiler\ti-cgt-armllvm_4.0.4.LTS\lib\armv6m-ti-none-eabi\</path>
         <kind>archive</kind>
         <file>libclang_rt.builtins.a</file>
         <name>aeabi_memset.S.obj</name>
      </input_file>
      <input_file id="fl-112">
         <path>C:\ti\ccs2040\ccs\tools\compiler\ti-cgt-armllvm_4.0.4.LTS\lib\armv6m-ti-none-eabi\</path>
         <kind>archive</kind>
         <file>libclang_rt.builtins.a</file>
         <name>aeabi_uidivmod.S.obj</name>
      </input_file>
      <input_file id="fl-113">
         <path>C:\ti\ccs2040\ccs\tools\compiler\ti-cgt-armllvm_4.0.4.LTS\lib\armv6m-ti-none-eabi\</path>
         <kind>archive</kind>
         <file>libclang_rt.builtins.a</file>
         <name>aeabi_uldivmod.S.obj</name>
      </input_file>
      <input_file id="fl-114">
         <path>C:\ti\ccs2040\ccs\tools\compiler\ti-cgt-armllvm_4.0.4.LTS\lib\armv6m-ti-none-eabi\</path>
         <kind>archive</kind>
         <file>libclang_rt.builtins.a</file>
         <name>udivmoddi4.S.obj</name>
      </input_file>
      <input_file id="fl-115">
         <path>C:\ti\ccs2040\ccs\tools\compiler\ti-cgt-armllvm_4.0.4.LTS\lib\armv6m-ti-none-eabi\</path>
         <kind>archive</kind>
         <file>libclang_rt.builtins.a</file>
         <name>ashldi3.S.obj</name>
      </input_file>
      <input_file id="fl-116">
         <path>C:\ti\ccs2040\ccs\tools\compiler\ti-cgt-armllvm_4.0.4.LTS\lib\armv6m-ti-none-eabi\</path>
         <kind>archive</kind>
         <file>libclang_rt.builtins.a</file>
         <name>comparedf2.c.obj</name>
      </input_file>
      <input_file id="fl-117">
         <path>C:\ti\ccs2040\ccs\tools\compiler\ti-cgt-armllvm_4.0.4.LTS\lib\armv6m-ti-none-eabi\</path>
         <kind>archive</kind>
         <file>libclang_rt.builtins.a</file>
         <name>aeabi_div0.c.obj</name>
      </input_file>
      <input_file id="fl-118">
         <path>C:\ti\ccs2040\ccs\tools\compiler\ti-cgt-armllvm_4.0.4.LTS\lib\armv6m-ti-none-eabi\c\</path>
         <kind>archive</kind>
         <file>libc.a</file>
         <name>getdevice.c.obj</name>
      </input_file>
      <input_file id="fl-119">
         <path>C:\ti\ccs2040\ccs\tools\compiler\ti-cgt-armllvm_4.0.4.LTS\lib\armv6m-ti-none-eabi\c\</path>
         <kind>archive</kind>
         <file>libc.a</file>
         <name>memcpy16.S.obj</name>
      </input_file>
      <input_file id="fl-11a">
         <path>C:\ti\ccs2040\ccs\tools\compiler\ti-cgt-armllvm_4.0.4.LTS\lib\armv6m-ti-none-eabi\c\</path>
         <kind>archive</kind>
         <file>libc.a</file>
         <name>memset16.S.obj</name>
      </input_file>
      <input_file id="fl-11b">
         <path>C:\ti\ccs2040\ccs\tools\compiler\ti-cgt-armllvm_4.0.4.LTS\lib\armv6m-ti-none-eabi\c\</path>
         <kind>archive</kind>
         <file>libc.a</file>
         <name>strcmp-armv6m.S.obj</name>
      </input_file>
   </input_file_list>
   <object_component_list>
      <object_component id="oc-18">
         <name>.intvecs</name>
         <load_address>0x0</load_address>
         <readonly>true</readonly>
         <run_address>0x0</run_address>
         <size>0xc0</size>
         <alignment>0x4</alignment>
         <input_file_ref idref="fl-13"/>
      </object_component>
      <object_component id="oc-a6">
         <name>.text.main</name>
         <load_address>0x11ff0</load_address>
         <readonly>true</readonly>
         <executable>true</executable>
         <run_address>0x11ff0</run_address>
         <size>0x114c</size>
         <alignment>0x4</alignment>
         <input_file_ref idref="fl-7"/>
      </object_component>
      <object_component id="oc-f8">
         <name>.text.GameTick_Update</name>
         <load_address>0x1313c</load_address>
         <readonly>true</readonly>
         <executable>true</executable>
         <run_address>0x1313c</run_address>
         <size>0xc0c</size>
         <alignment>0x4</alignment>
         <input_file_ref idref="fl-7"/>
      </object_component>
      <object_component id="oc-21d">
         <name>.text.find_volume</name>
         <load_address>0x13d48</load_address>
         <readonly>true</readonly>
         <executable>true</executable>
         <run_address>0x13d48</run_address>
         <size>0x598</size>
         <alignment>0x4</alignment>
         <input_file_ref idref="fl-11"/>
      </object_component>
      <object_component id="oc-1b9">
         <name>.text.PlayerHit</name>
         <load_address>0x142e0</load_address>
         <readonly>true</readonly>
         <executable>true</executable>
         <run_address>0x142e0</run_address>
         <size>0x388</size>
         <alignment>0x4</alignment>
         <input_file_ref idref="fl-7"/>
      </object_component>
      <object_component id="oc-1b8">
         <name>.text.DrawPortal</name>
         <load_address>0x14668</load_address>
         <readonly>true</readonly>
         <executable>true</executable>
         <run_address>0x14668</run_address>
         <size>0x31c</size>
         <alignment>0x4</alignment>
         <input_file_ref idref="fl-7"/>
      </object_component>
      <object_component id="oc-2d1">
         <name>.text.create_name</name>
         <load_address>0x14984</load_address>
         <readonly>true</readonly>
         <executable>true</executable>
         <run_address>0x14984</run_address>
         <size>0x318</size>
         <alignment>0x4</alignment>
         <input_file_ref idref="fl-11"/>
      </object_component>
      <object_component id="oc-31a">
         <name>.text.disk_ioctl</name>
         <load_address>0x14c9c</load_address>
         <readonly>true</readonly>
         <executable>true</executable>
         <run_address>0x14c9c</run_address>
         <size>0x2b8</size>
         <alignment>0x4</alignment>
         <input_file_ref idref="fl-10"/>
      </object_component>
      <object_component id="oc-183">
         <name>.text.f_lseek</name>
         <load_address>0x14f54</load_address>
         <readonly>true</readonly>
         <executable>true</executable>
         <run_address>0x14f54</run_address>
         <size>0x2a4</size>
         <alignment>0x2</alignment>
         <input_file_ref idref="fl-11"/>
      </object_component>
      <object_component id="oc-16f">
         <name>.text.f_read</name>
         <load_address>0x151f8</load_address>
         <readonly>true</readonly>
         <executable>true</executable>
         <run_address>0x151f8</run_address>
         <size>0x298</size>
         <alignment>0x4</alignment>
         <input_file_ref idref="fl-11"/>
      </object_component>
      <object_component id="oc-16e">
         <name>.text.f_open</name>
         <load_address>0x15490</load_address>
         <readonly>true</readonly>
         <executable>true</executable>
         <run_address>0x15490</run_address>
         <size>0x270</size>
         <alignment>0x4</alignment>
         <input_file_ref idref="fl-11"/>
      </object_component>
      <object_component id="oc-ed">
         <name>.text.DrawCharSelect</name>
         <load_address>0x15700</load_address>
         <readonly>true</readonly>
         <executable>true</executable>
         <run_address>0x15700</run_address>
         <size>0x264</size>
         <alignment>0x4</alignment>
         <input_file_ref idref="fl-7"/>
      </object_component>
      <object_component id="oc-215">
         <name>.text.disk_initialize</name>
         <load_address>0x15964</load_address>
         <readonly>true</readonly>
         <executable>true</executable>
         <run_address>0x15964</run_address>
         <size>0x228</size>
         <alignment>0x4</alignment>
         <input_file_ref idref="fl-10"/>
      </object_component>
      <object_component id="oc-109">
         <name>.text.RedrawGameScene</name>
         <load_address>0x15b8c</load_address>
         <readonly>true</readonly>
         <executable>true</executable>
         <run_address>0x15b8c</run_address>
         <size>0x1e8</size>
         <alignment>0x4</alignment>
         <input_file_ref idref="fl-7"/>
      </object_component>
      <object_component id="oc-2d5">
         <name>.text.put_fat</name>
         <load_address>0x15d74</load_address>
         <readonly>true</readonly>
         <executable>true</executable>
         <run_address>0x15d74</run_address>
         <size>0x1d0</size>
         <alignment>0x4</alignment>
         <input_file_ref idref="fl-11"/>
      </object_component>
      <object_component id="oc-31e">
         <name>.text.dir_next</name>
         <load_address>0x15f44</load_address>
         <readonly>true</readonly>
         <executable>true</executable>
         <run_address>0x15f44</run_address>
         <size>0x1cc</size>
         <alignment>0x2</alignment>
         <input_file_ref idref="fl-11"/>
      </object_component>
      <object_component id="oc-130">
         <name>.text.Clock_Init80MHz</name>
         <load_address>0x16110</load_address>
         <readonly>true</readonly>
         <executable>true</executable>
         <run_address>0x16110</run_address>
         <size>0x1b4</size>
         <alignment>0x4</alignment>
         <input_file_ref idref="fl-3"/>
      </object_component>
      <object_component id="oc-174">
         <name>.text.ST7735_DrawChar</name>
         <load_address>0x162c4</load_address>
         <readonly>true</readonly>
         <executable>true</executable>
         <run_address>0x162c4</run_address>
         <size>0x1a8</size>
         <alignment>0x4</alignment>
         <input_file_ref idref="fl-a"/>
      </object_component>
      <object_component id="oc-2da">
         <name>.text.ST7735_DrawCharS</name>
         <load_address>0x1646c</load_address>
         <readonly>true</readonly>
         <executable>true</executable>
         <run_address>0x1646c</run_address>
         <size>0x1a4</size>
         <alignment>0x4</alignment>
         <input_file_ref idref="fl-a"/>
      </object_component>
      <object_component id="oc-232">
         <name>.text.create_chain</name>
         <load_address>0x16610</load_address>
         <readonly>true</readonly>
         <executable>true</executable>
         <run_address>0x16610</run_address>
         <size>0x16c</size>
         <alignment>0x4</alignment>
         <input_file_ref idref="fl-11"/>
      </object_component>
      <object_component id="oc-1ba">
         <name>.text.DrawCubeRotated</name>
         <load_address>0x1677c</load_address>
         <readonly>true</readonly>
         <executable>true</executable>
         <run_address>0x1677c</run_address>
         <size>0x164</size>
         <alignment>0x4</alignment>
         <input_file_ref idref="fl-7"/>
      </object_component>
      <object_component id="oc-e3">
         <name>.text.DrawTitleScreen</name>
         <load_address>0x168e0</load_address>
         <readonly>true</readonly>
         <executable>true</executable>
         <run_address>0x168e0</run_address>
         <size>0x15c</size>
         <alignment>0x4</alignment>
         <input_file_ref idref="fl-7"/>
      </object_component>
      <object_component id="oc-224">
         <name>.text.get_fat</name>
         <load_address>0x16a3c</load_address>
         <readonly>true</readonly>
         <executable>true</executable>
         <run_address>0x16a3c</run_address>
         <size>0x158</size>
         <alignment>0x4</alignment>
         <input_file_ref idref="fl-11"/>
      </object_component>
      <object_component id="oc-1f9">
         <name>.text._openfile</name>
         <load_address>0x16b94</load_address>
         <readonly>true</readonly>
         <executable>true</executable>
         <run_address>0x16b94</run_address>
         <size>0x154</size>
         <alignment>0x4</alignment>
         <input_file_ref idref="fl-36"/>
      </object_component>
      <object_component id="oc-ec">
         <name>.text.DrawSettings</name>
         <load_address>0x16ce8</load_address>
         <readonly>true</readonly>
         <executable>true</executable>
         <run_address>0x16ce8</run_address>
         <size>0x148</size>
         <alignment>0x4</alignment>
         <input_file_ref idref="fl-7"/>
      </object_component>
      <object_component id="oc-2cc">
         <name>.text.sync_fs</name>
         <load_address>0x16e30</load_address>
         <readonly>true</readonly>
         <executable>true</executable>
         <run_address>0x16e30</run_address>
         <size>0x144</size>
         <alignment>0x4</alignment>
         <input_file_ref idref="fl-11"/>
      </object_component>
      <object_component id="oc-318">
         <name>.text.SPI1_Init</name>
         <load_address>0x16f74</load_address>
         <readonly>true</readonly>
         <executable>true</executable>
         <run_address>0x16f74</run_address>
         <size>0x140</size>
         <alignment>0x4</alignment>
         <input_file_ref idref="fl-10"/>
      </object_component>
      <object_component id="oc-f6">
         <name>.text.LevelSetup</name>
         <load_address>0x170b4</load_address>
         <readonly>true</readonly>
         <executable>true</executable>
         <run_address>0x170b4</run_address>
         <size>0x130</size>
         <alignment>0x4</alignment>
         <input_file_ref idref="fl-7"/>
      </object_component>
      <object_component id="oc-15b">
         <name>.text.ADC_Init</name>
         <load_address>0x171e4</load_address>
         <readonly>true</readonly>
         <executable>true</executable>
         <run_address>0x171e4</run_address>
         <size>0x128</size>
         <alignment>0x4</alignment>
         <input_file_ref idref="fl-e"/>
      </object_component>
      <object_component id="oc-18c">
         <name>.text.DrawLevelPreview</name>
         <load_address>0x1730c</load_address>
         <readonly>true</readonly>
         <executable>true</executable>
         <run_address>0x1730c</run_address>
         <size>0x128</size>
         <alignment>0x4</alignment>
         <input_file_ref idref="fl-7"/>
      </object_component>
      <object_component id="oc-2c7">
         <name>.text.send_cmd</name>
         <load_address>0x17434</load_address>
         <readonly>true</readonly>
         <executable>true</executable>
         <run_address>0x17434</run_address>
         <size>0x126</size>
         <alignment>0x2</alignment>
         <input_file_ref idref="fl-10"/>
      </object_component>
      <object_component id="oc-2d0">
         <name>.text.dir_sdi</name>
         <load_address>0x1755a</load_address>
         <readonly>true</readonly>
         <executable>true</executable>
         <run_address>0x1755a</run_address>
         <size>0x124</size>
         <alignment>0x2</alignment>
         <input_file_ref idref="fl-11"/>
      </object_component>
      <object_component id="oc-21e">
         <name>.text.follow_path</name>
         <load_address>0x1767e</load_address>
         <readonly>true</readonly>
         <executable>true</executable>
         <run_address>0x1767e</run_address>
         <size>0x120</size>
         <alignment>0x2</alignment>
         <input_file_ref idref="fl-11"/>
      </object_component>
      <object_component id="oc-1b7">
         <name>.text.DrawGateSpiked</name>
         <load_address>0x1779e</load_address>
         <readonly>true</readonly>
         <executable>true</executable>
         <run_address>0x1779e</run_address>
         <size>0x118</size>
         <alignment>0x2</alignment>
         <input_file_ref idref="fl-7"/>
      </object_component>
      <object_component id="oc-20f">
         <name>.text.__aeabi_idiv0</name>
         <load_address>0x178b6</load_address>
         <readonly>true</readonly>
         <executable>true</executable>
         <run_address>0x178b6</run_address>
         <size>0x2</size>
         <alignment>0x2</alignment>
         <input_file_ref idref="fl-117"/>
      </object_component>
      <object_component id="oc-152">
         <name>.text.ST7735_FillRect</name>
         <load_address>0x178b8</load_address>
         <readonly>true</readonly>
         <executable>true</executable>
         <run_address>0x178b8</run_address>
         <size>0x118</size>
         <alignment>0x4</alignment>
         <input_file_ref idref="fl-a"/>
      </object_component>
      <object_component id="oc-228">
         <name>.text.disk_write</name>
         <load_address>0x179d0</load_address>
         <readonly>true</readonly>
         <executable>true</executable>
         <run_address>0x179d0</run_address>
         <size>0x118</size>
         <alignment>0x4</alignment>
         <input_file_ref idref="fl-10"/>
      </object_component>
      <object_component id="oc-106">
         <name>.text.DrawWinScreen</name>
         <load_address>0x17ae8</load_address>
         <readonly>true</readonly>
         <executable>true</executable>
         <run_address>0x17ae8</run_address>
         <size>0x114</size>
         <alignment>0x4</alignment>
         <input_file_ref idref="fl-7"/>
      </object_component>
      <object_component id="oc-2c0">
         <name>.text.aligned_alloc</name>
         <load_address>0x17bfc</load_address>
         <readonly>true</readonly>
         <executable>true</executable>
         <run_address>0x17bfc</run_address>
         <size>0x114</size>
         <alignment>0x4</alignment>
         <input_file_ref idref="fl-3d"/>
      </object_component>
      <object_component id="oc-219">
         <name>.text.f_sync</name>
         <load_address>0x17d10</load_address>
         <readonly>true</readonly>
         <executable>true</executable>
         <run_address>0x17d10</run_address>
         <size>0x114</size>
         <alignment>0x4</alignment>
         <input_file_ref idref="fl-11"/>
      </object_component>
      <object_component id="oc-18f">
         <name>.text.DrawHUD</name>
         <load_address>0x17e24</load_address>
         <readonly>true</readonly>
         <executable>true</executable>
         <run_address>0x17e24</run_address>
         <size>0xfc</size>
         <alignment>0x4</alignment>
         <input_file_ref idref="fl-7"/>
      </object_component>
      <object_component id="oc-108">
         <name>.text.DrawPauseScreen</name>
         <load_address>0x17f20</load_address>
         <readonly>true</readonly>
         <executable>true</executable>
         <run_address>0x17f20</run_address>
         <size>0xf8</size>
         <alignment>0x4</alignment>
         <input_file_ref idref="fl-7"/>
      </object_component>
      <object_component id="oc-27d">
         <name>.text.SPI_Init</name>
         <load_address>0x18018</load_address>
         <readonly>true</readonly>
         <executable>true</executable>
         <run_address>0x18018</run_address>
         <size>0xf8</size>
         <alignment>0x4</alignment>
         <input_file_ref idref="fl-9"/>
      </object_component>
      <object_component id="oc-22e">
         <name>.text.Blend565</name>
         <load_address>0x18110</load_address>
         <readonly>true</readonly>
         <executable>true</executable>
         <run_address>0x18110</run_address>
         <size>0xf4</size>
         <alignment>0x2</alignment>
         <input_file_ref idref="fl-7"/>
      </object_component>
      <object_component id="oc-135">
         <name>.text.add_device</name>
         <load_address>0x18204</load_address>
         <readonly>true</readonly>
         <executable>true</executable>
         <run_address>0x18204</run_address>
         <size>0xec</size>
         <alignment>0x4</alignment>
         <input_file_ref idref="fl-fb"/>
      </object_component>
      <object_component id="oc-15d">
         <name>.text.UART_Init</name>
         <load_address>0x182f0</load_address>
         <readonly>true</readonly>
         <executable>true</executable>
         <run_address>0x182f0</run_address>
         <size>0xe8</size>
         <alignment>0x4</alignment>
         <input_file_ref idref="fl-e"/>
      </object_component>
      <object_component id="oc-202">
         <name>.text.free</name>
         <load_address>0x183d8</load_address>
         <readonly>true</readonly>
         <executable>true</executable>
         <run_address>0x183d8</run_address>
         <size>0xe8</size>
         <alignment>0x4</alignment>
         <input_file_ref idref="fl-3d"/>
      </object_component>
      <object_component id="oc-226">
         <name>.text.disk_read</name>
         <load_address>0x184c0</load_address>
         <readonly>true</readonly>
         <executable>true</executable>
         <run_address>0x184c0</run_address>
         <size>0xe4</size>
         <alignment>0x4</alignment>
         <input_file_ref idref="fl-10"/>
      </object_component>
      <object_component id="oc-140">
         <name>.text.setvbuf</name>
         <load_address>0x185a4</load_address>
         <readonly>true</readonly>
         <executable>true</executable>
         <run_address>0x185a4</run_address>
         <size>0xe0</size>
         <alignment>0x4</alignment>
         <input_file_ref idref="fl-37"/>
      </object_component>
      <object_component id="oc-1ad">
         <name>.text.DrawSpikeDn</name>
         <load_address>0x18684</load_address>
         <readonly>true</readonly>
         <executable>true</executable>
         <run_address>0x18684</run_address>
         <size>0xdc</size>
         <alignment>0x4</alignment>
         <input_file_ref idref="fl-7"/>
      </object_component>
      <object_component id="oc-177">
         <name>.text.DrawSpikeUp</name>
         <load_address>0x18760</load_address>
         <readonly>true</readonly>
         <executable>true</executable>
         <run_address>0x18760</run_address>
         <size>0xd4</size>
         <alignment>0x4</alignment>
         <input_file_ref idref="fl-7"/>
      </object_component>
      <object_component id="oc-209">
         <name>.text.ST7735_OutChar</name>
         <load_address>0x18834</load_address>
         <readonly>true</readonly>
         <executable>true</executable>
         <run_address>0x18834</run_address>
         <size>0xd0</size>
         <alignment>0x4</alignment>
         <input_file_ref idref="fl-a"/>
      </object_component>
      <object_component id="oc-231">
         <name>.text.ST7735_OutCharTransparent</name>
         <load_address>0x18904</load_address>
         <readonly>true</readonly>
         <executable>true</executable>
         <run_address>0x18904</run_address>
         <size>0xd0</size>
         <alignment>0x4</alignment>
         <input_file_ref idref="fl-a"/>
      </object_component>
      <object_component id="oc-f4">
         <name>.text.DrawLevelSelect</name>
         <load_address>0x189d4</load_address>
         <readonly>true</readonly>
         <executable>true</executable>
         <run_address>0x189d4</run_address>
         <size>0xcc</size>
         <alignment>0x4</alignment>
         <input_file_ref idref="fl-7"/>
      </object_component>
      <object_component id="oc-e2">
         <name>.text.Sound_PlayMusic</name>
         <load_address>0x18aa0</load_address>
         <readonly>true</readonly>
         <executable>true</executable>
         <run_address>0x18aa0</run_address>
         <size>0xcc</size>
         <alignment>0x4</alignment>
         <input_file_ref idref="fl-c"/>
      </object_component>
      <object_component id="oc-237">
         <name>.text.DrawBitmapColorized</name>
         <load_address>0x18b6c</load_address>
         <readonly>true</readonly>
         <executable>true</executable>
         <run_address>0x18b6c</run_address>
         <size>0xc4</size>
         <alignment>0x4</alignment>
         <input_file_ref idref="fl-7"/>
      </object_component>
      <object_component id="oc-159">
         <name>.text.BuildSFX</name>
         <load_address>0x18c30</load_address>
         <readonly>true</readonly>
         <executable>true</executable>
         <run_address>0x18c30</run_address>
         <size>0xbc</size>
         <alignment>0x4</alignment>
         <input_file_ref idref="fl-c"/>
      </object_component>
      <object_component id="oc-249">
         <name>.text.DrawBitmap16</name>
         <load_address>0x18cec</load_address>
         <readonly>true</readonly>
         <executable>true</executable>
         <run_address>0x18cec</run_address>
         <size>0xbc</size>
         <alignment>0x4</alignment>
         <input_file_ref idref="fl-7"/>
      </object_component>
      <object_component id="oc-1bb">
         <name>.text.ScrollStars</name>
         <load_address>0x18da8</load_address>
         <readonly>true</readonly>
         <executable>true</executable>
         <run_address>0x18da8</run_address>
         <size>0xb8</size>
         <alignment>0x4</alignment>
         <input_file_ref idref="fl-7"/>
      </object_component>
      <object_component id="oc-222">
         <name>.text.remove_chain</name>
         <load_address>0x18e60</load_address>
         <readonly>true</readonly>
         <executable>true</executable>
         <run_address>0x18e60</run_address>
         <size>0xb8</size>
         <alignment>0x2</alignment>
         <input_file_ref idref="fl-11"/>
      </object_component>
      <object_component id="oc-175">
         <name>.text.ST7735_DrawFastHLine</name>
         <load_address>0x18f18</load_address>
         <readonly>true</readonly>
         <executable>true</executable>
         <run_address>0x18f18</run_address>
         <size>0xb0</size>
         <alignment>0x4</alignment>
         <input_file_ref idref="fl-a"/>
      </object_component>
      <object_component id="oc-37">
         <name>.text.SysTick_Handler</name>
         <load_address>0x18fc8</load_address>
         <readonly>true</readonly>
         <executable>true</executable>
         <run_address>0x18fc8</run_address>
         <size>0xb0</size>
         <alignment>0x4</alignment>
         <input_file_ref idref="fl-c"/>
      </object_component>
      <object_component id="oc-2ca">
         <name>.text.get_ldnumber</name>
         <load_address>0x19078</load_address>
         <readonly>true</readonly>
         <executable>true</executable>
         <run_address>0x19078</run_address>
         <size>0xae</size>
         <alignment>0x2</alignment>
         <input_file_ref idref="fl-11"/>
      </object_component>
      <object_component id="oc-274">
         <name>.text._nop</name>
         <load_address>0x19126</load_address>
         <readonly>true</readonly>
         <executable>true</executable>
         <run_address>0x19126</run_address>
         <size>0x2</size>
         <alignment>0x2</alignment>
         <input_file_ref idref="fl-3a"/>
      </object_component>
      <object_component id="oc-2ce">
         <name>.text.check_fs</name>
         <load_address>0x19128</load_address>
         <readonly>true</readonly>
         <executable>true</executable>
         <run_address>0x19128</run_address>
         <size>0xac</size>
         <alignment>0x4</alignment>
         <input_file_ref idref="fl-11"/>
      </object_component>
      <object_component id="oc-248">
         <name>.text.AABBHit</name>
         <load_address>0x191d4</load_address>
         <readonly>true</readonly>
         <executable>true</executable>
         <run_address>0x191d4</run_address>
         <size>0xa8</size>
         <alignment>0x2</alignment>
         <input_file_ref idref="fl-7"/>
      </object_component>
      <object_component id="oc-158">
         <name>.text.DAC_Init</name>
         <load_address>0x1927c</load_address>
         <readonly>true</readonly>
         <executable>true</executable>
         <run_address>0x1927c</run_address>
         <size>0xa8</size>
         <alignment>0x4</alignment>
         <input_file_ref idref="fl-4"/>
      </object_component>
      <object_component id="oc-32b">
         <name>.text.TimerG6_IntArm</name>
         <load_address>0x19324</load_address>
         <readonly>true</readonly>
         <executable>true</executable>
         <run_address>0x19324</run_address>
         <size>0xa8</size>
         <alignment>0x4</alignment>
         <input_file_ref idref="fl-f"/>
      </object_component>
      <object_component id="oc-163">
         <name>.text.TimerG7_IntArm</name>
         <load_address>0x193cc</load_address>
         <readonly>true</readonly>
         <executable>true</executable>
         <run_address>0x193cc</run_address>
         <size>0xa8</size>
         <alignment>0x4</alignment>
         <input_file_ref idref="fl-f"/>
      </object_component>
      <object_component id="oc-2d2">
         <name>.text.dir_find</name>
         <load_address>0x19474</load_address>
         <readonly>true</readonly>
         <executable>true</executable>
         <run_address>0x19474</run_address>
         <size>0xa6</size>
         <alignment>0x2</alignment>
         <input_file_ref idref="fl-11"/>
      </object_component>
      <object_component id="oc-10d">
         <name>.text.DrawMenu</name>
         <load_address>0x1951c</load_address>
         <readonly>true</readonly>
         <executable>true</executable>
         <run_address>0x1951c</run_address>
         <size>0xa4</size>
         <alignment>0x4</alignment>
         <input_file_ref idref="fl-7"/>
      </object_component>
      <object_component id="oc-1dd">
         <name>.text.commandList</name>
         <load_address>0x195c0</load_address>
         <readonly>true</readonly>
         <executable>true</executable>
         <run_address>0x195c0</run_address>
         <size>0xa2</size>
         <alignment>0x2</alignment>
         <input_file_ref idref="fl-a"/>
      </object_component>
      <object_component id="oc-2d3">
         <name>.text.dir_alloc</name>
         <load_address>0x19662</load_address>
         <readonly>true</readonly>
         <executable>true</executable>
         <run_address>0x19662</run_address>
         <size>0xa2</size>
         <alignment>0x2</alignment>
         <input_file_ref idref="fl-11"/>
      </object_component>
      <object_component id="oc-1ae">
         <name>.text.DrawBlock</name>
         <load_address>0x19704</load_address>
         <readonly>true</readonly>
         <executable>true</executable>
         <run_address>0x19704</run_address>
         <size>0xa0</size>
         <alignment>0x4</alignment>
         <input_file_ref idref="fl-7"/>
      </object_component>
      <object_component id="oc-2a8">
         <name>.text.open</name>
         <load_address>0x197a4</load_address>
         <readonly>true</readonly>
         <executable>true</executable>
         <run_address>0x197a4</run_address>
         <size>0xa0</size>
         <alignment>0x4</alignment>
         <input_file_ref idref="fl-f8"/>
      </object_component>
      <object_component id="oc-cc">
         <name>.text.ST7735_InitPrintf</name>
         <load_address>0x19844</load_address>
         <readonly>true</readonly>
         <executable>true</executable>
         <run_address>0x19844</run_address>
         <size>0x9c</size>
         <alignment>0x4</alignment>
         <input_file_ref idref="fl-a"/>
      </object_component>
      <object_component id="oc-190">
         <name>.text.InitStars</name>
         <load_address>0x198e0</load_address>
         <readonly>true</readonly>
         <executable>true</executable>
         <run_address>0x198e0</run_address>
         <size>0x98</size>
         <alignment>0x4</alignment>
         <input_file_ref idref="fl-7"/>
      </object_component>
      <object_component id="oc-166">
         <name>.text.SD_LazyInit</name>
         <load_address>0x19978</load_address>
         <readonly>true</readonly>
         <executable>true</executable>
         <run_address>0x19978</run_address>
         <size>0x98</size>
         <alignment>0x4</alignment>
         <input_file_ref idref="fl-c"/>
      </object_component>
      <object_component id="oc-134">
         <name>.text.ST7735_InitR</name>
         <load_address>0x19a10</load_address>
         <readonly>true</readonly>
         <executable>true</executable>
         <run_address>0x19a10</run_address>
         <size>0x98</size>
         <alignment>0x4</alignment>
         <input_file_ref idref="fl-a"/>
      </object_component>
      <object_component id="oc-216">
         <name>.text.f_mount</name>
         <load_address>0x19aa8</load_address>
         <readonly>true</readonly>
         <executable>true</executable>
         <run_address>0x19aa8</run_address>
         <size>0x98</size>
         <alignment>0x4</alignment>
         <input_file_ref idref="fl-11"/>
      </object_component>
      <object_component id="oc-1b5">
         <name>.text.DrawBlockWide3</name>
         <load_address>0x19b40</load_address>
         <readonly>true</readonly>
         <executable>true</executable>
         <run_address>0x19b40</run_address>
         <size>0x96</size>
         <alignment>0x2</alignment>
         <input_file_ref idref="fl-7"/>
      </object_component>
      <object_component id="oc-dc">
         <name>.text.TimerG12_IntArm</name>
         <load_address>0x19bd8</load_address>
         <readonly>true</readonly>
         <executable>true</executable>
         <run_address>0x19bd8</run_address>
         <size>0x94</size>
         <alignment>0x4</alignment>
         <input_file_ref idref="fl-f"/>
      </object_component>
      <object_component id="oc-2d6">
         <name>.text.sync_window</name>
         <load_address>0x19c6c</load_address>
         <readonly>true</readonly>
         <executable>true</executable>
         <run_address>0x19c6c</run_address>
         <size>0x8e</size>
         <alignment>0x2</alignment>
         <input_file_ref idref="fl-11"/>
      </object_component>
      <object_component id="oc-1a8">
         <name>.text.SpawnObstacle</name>
         <load_address>0x19cfc</load_address>
         <readonly>true</readonly>
         <executable>true</executable>
         <run_address>0x19cfc</run_address>
         <size>0x8c</size>
         <alignment>0x4</alignment>
         <input_file_ref idref="fl-7"/>
      </object_component>
      <object_component id="oc-e9">
         <name>.text.Sound_Task</name>
         <load_address>0x19d88</load_address>
         <readonly>true</readonly>
         <executable>true</executable>
         <run_address>0x19d88</run_address>
         <size>0x88</size>
         <alignment>0x4</alignment>
         <input_file_ref idref="fl-c"/>
      </object_component>
      <object_component id="oc-20d">
         <name>.text.setAddrWindow</name>
         <load_address>0x19e10</load_address>
         <readonly>true</readonly>
         <executable>true</executable>
         <run_address>0x19e10</run_address>
         <size>0x88</size>
         <alignment>0x4</alignment>
         <input_file_ref idref="fl-a"/>
      </object_component>
      <object_component id="oc-56">
         <name>.text.__aeabi_memcpy</name>
         <load_address>0x19e98</load_address>
         <readonly>true</readonly>
         <executable>true</executable>
         <run_address>0x19e98</run_address>
         <size>0x8</size>
         <alignment>0x4</alignment>
         <input_file_ref idref="fl-110"/>
      </object_component>
      <object_component id="oc-280">
         <name>.text:strcmp</name>
         <load_address>0x19ea0</load_address>
         <readonly>true</readonly>
         <executable>true</executable>
         <run_address>0x19ea0</run_address>
         <size>0x88</size>
         <alignment>0x10</alignment>
         <input_file_ref idref="fl-11b"/>
      </object_component>
      <object_component id="oc-234">
         <name>.text.ST7735_DrawString</name>
         <load_address>0x19f28</load_address>
         <readonly>true</readonly>
         <executable>true</executable>
         <run_address>0x19f28</run_address>
         <size>0x84</size>
         <alignment>0x2</alignment>
         <input_file_ref idref="fl-a"/>
      </object_component>
      <object_component id="oc-2d9">
         <name>.text.ST7735_DrawStringTransparent</name>
         <load_address>0x19fac</load_address>
         <readonly>true</readonly>
         <executable>true</executable>
         <run_address>0x19fac</run_address>
         <size>0x84</size>
         <alignment>0x2</alignment>
         <input_file_ref idref="fl-a"/>
      </object_component>
      <object_component id="oc-186">
         <name>.text.ST7735_OutUDec</name>
         <load_address>0x1a030</load_address>
         <readonly>true</readonly>
         <executable>true</executable>
         <run_address>0x1a030</run_address>
         <size>0x84</size>
         <alignment>0x4</alignment>
         <input_file_ref idref="fl-a"/>
      </object_component>
      <object_component id="oc-1b4">
         <name>.text.DrawBlock7</name>
         <load_address>0x1a0b4</load_address>
         <readonly>true</readonly>
         <executable>true</executable>
         <run_address>0x1a0b4</run_address>
         <size>0x82</size>
         <alignment>0x2</alignment>
         <input_file_ref idref="fl-7"/>
      </object_component>
      <object_component id="oc-176">
         <name>.text.DrawCube</name>
         <load_address>0x1a138</load_address>
         <readonly>true</readonly>
         <executable>true</executable>
         <run_address>0x1a138</run_address>
         <size>0x80</size>
         <alignment>0x4</alignment>
         <input_file_ref idref="fl-7"/>
      </object_component>
      <object_component id="oc-c7">
         <name>.text.LaunchPad_Init</name>
         <load_address>0x1a1b8</load_address>
         <readonly>true</readonly>
         <executable>true</executable>
         <run_address>0x1a1b8</run_address>
         <size>0x7c</size>
         <alignment>0x4</alignment>
         <input_file_ref idref="fl-8"/>
      </object_component>
      <object_component id="oc-1fc">
         <name>.text.__TI_closefile</name>
         <load_address>0x1a234</load_address>
         <readonly>true</readonly>
         <executable>true</executable>
         <run_address>0x1a234</run_address>
         <size>0x7c</size>
         <alignment>0x4</alignment>
         <input_file_ref idref="fl-47"/>
      </object_component>
      <object_component id="oc-1c">
         <name>.text:decompress:lzss</name>
         <load_address>0x1a2b0</load_address>
         <readonly>true</readonly>
         <executable>true</executable>
         <run_address>0x1a2b0</run_address>
         <size>0x7c</size>
         <alignment>0x4</alignment>
         <input_file_ref idref="fl-45"/>
      </object_component>
      <object_component id="oc-d2">
         <name>.text.ADCinit</name>
         <load_address>0x1a32c</load_address>
         <readonly>true</readonly>
         <executable>true</executable>
         <run_address>0x1a32c</run_address>
         <size>0x78</size>
         <alignment>0x4</alignment>
         <input_file_ref idref="fl-1"/>
      </object_component>
      <object_component id="oc-2d7">
         <name>.text.rcvr_datablock</name>
         <load_address>0x1a3a4</load_address>
         <readonly>true</readonly>
         <executable>true</executable>
         <run_address>0x1a3a4</run_address>
         <size>0x78</size>
         <alignment>0x4</alignment>
         <input_file_ref idref="fl-10"/>
      </object_component>
      <object_component id="oc-2d8">
         <name>.text.xmit_datablock</name>
         <load_address>0x1a41c</load_address>
         <readonly>true</readonly>
         <executable>true</executable>
         <run_address>0x1a41c</run_address>
         <size>0x76</size>
         <alignment>0x2</alignment>
         <input_file_ref idref="fl-10"/>
      </object_component>
      <object_component id="oc-1b3">
         <name>.text.DrawBlock6</name>
         <load_address>0x1a492</load_address>
         <readonly>true</readonly>
         <executable>true</executable>
         <run_address>0x1a492</run_address>
         <size>0x72</size>
         <alignment>0x2</alignment>
         <input_file_ref idref="fl-7"/>
      </object_component>
      <object_component id="oc-22c">
         <name>.text.ST7735_DrawPixel</name>
         <load_address>0x1a504</load_address>
         <readonly>true</readonly>
         <executable>true</executable>
         <run_address>0x1a504</run_address>
         <size>0x70</size>
         <alignment>0x4</alignment>
         <input_file_ref idref="fl-a"/>
      </object_component>
      <object_component id="oc-82">
         <name>.text.disk_timerproc</name>
         <load_address>0x1a574</load_address>
         <readonly>true</readonly>
         <executable>true</executable>
         <run_address>0x1a574</run_address>
         <size>0x70</size>
         <alignment>0x4</alignment>
         <input_file_ref idref="fl-10"/>
      </object_component>
      <object_component id="oc-296">
         <name>.text.HOSTlseek</name>
         <load_address>0x1a5e4</load_address>
         <readonly>true</readonly>
         <executable>true</executable>
         <run_address>0x1a5e4</run_address>
         <size>0x6c</size>
         <alignment>0x4</alignment>
         <input_file_ref idref="fl-fe"/>
      </object_component>
      <object_component id="oc-29e">
         <name>.text.HOSTrename</name>
         <load_address>0x1a650</load_address>
         <readonly>true</readonly>
         <executable>true</executable>
         <run_address>0x1a650</run_address>
         <size>0x6c</size>
         <alignment>0x4</alignment>
         <input_file_ref idref="fl-101"/>
      </object_component>
      <object_component id="oc-167">
         <name>.text.SPI_SD_Enter</name>
         <load_address>0x1a6bc</load_address>
         <readonly>true</readonly>
         <executable>true</executable>
         <run_address>0x1a6bc</run_address>
         <size>0x6c</size>
         <alignment>0x4</alignment>
         <input_file_ref idref="fl-c"/>
      </object_component>
      <object_component id="oc-2ff">
         <name>.text.getdevice</name>
         <load_address>0x1a728</load_address>
         <readonly>true</readonly>
         <executable>true</executable>
         <run_address>0x1a728</run_address>
         <size>0x6c</size>
         <alignment>0x4</alignment>
         <input_file_ref idref="fl-118"/>
      </object_component>
      <object_component id="oc-f7">
         <name>.text.LED_Off</name>
         <load_address>0x1a794</load_address>
         <readonly>true</readonly>
         <executable>true</executable>
         <run_address>0x1a794</run_address>
         <size>0x68</size>
         <alignment>0x4</alignment>
         <input_file_ref idref="fl-6"/>
      </object_component>
      <object_component id="oc-e1">
         <name>.text.LED_On</name>
         <load_address>0x1a7fc</load_address>
         <readonly>true</readonly>
         <executable>true</executable>
         <run_address>0x1a7fc</run_address>
         <size>0x68</size>
         <alignment>0x4</alignment>
         <input_file_ref idref="fl-6"/>
      </object_component>
      <object_component id="oc-21a">
         <name>.text.validate</name>
         <load_address>0x1a864</load_address>
         <readonly>true</readonly>
         <executable>true</executable>
         <run_address>0x1a864</run_address>
         <size>0x68</size>
         <alignment>0x2</alignment>
         <input_file_ref idref="fl-11"/>
      </object_component>
      <object_component id="oc-316">
         <name>.text.split</name>
         <load_address>0x1a8cc</load_address>
         <readonly>true</readonly>
         <executable>true</executable>
         <run_address>0x1a8cc</run_address>
         <size>0x64</size>
         <alignment>0x4</alignment>
         <input_file_ref idref="fl-3d"/>
      </object_component>
      <object_component id="oc-1b2">
         <name>.text.DrawBlock5</name>
         <load_address>0x1a930</load_address>
         <readonly>true</readonly>
         <executable>true</executable>
         <run_address>0x1a930</run_address>
         <size>0x62</size>
         <alignment>0x2</alignment>
         <input_file_ref idref="fl-7"/>
      </object_component>
      <object_component id="oc-223">
         <name>.text.move_window</name>
         <load_address>0x1a992</load_address>
         <readonly>true</readonly>
         <executable>true</executable>
         <run_address>0x1a992</run_address>
         <size>0x62</size>
         <alignment>0x2</alignment>
         <input_file_ref idref="fl-11"/>
      </object_component>
      <object_component id="oc-286">
         <name>.text.HOSTopen</name>
         <load_address>0x1a9f4</load_address>
         <readonly>true</readonly>
         <executable>true</executable>
         <run_address>0x1a9f4</run_address>
         <size>0x60</size>
         <alignment>0x4</alignment>
         <input_file_ref idref="fl-ff"/>
      </object_component>
      <object_component id="oc-21f">
         <name>.text.dir_register</name>
         <load_address>0x1aa54</load_address>
         <readonly>true</readonly>
         <executable>true</executable>
         <run_address>0x1aa54</run_address>
         <size>0x60</size>
         <alignment>0x2</alignment>
         <input_file_ref idref="fl-11"/>
      </object_component>
      <object_component id="oc-46">
         <name>.text.TIMG12_IRQHandler</name>
         <load_address>0x1aab4</load_address>
         <readonly>true</readonly>
         <executable>true</executable>
         <run_address>0x1aab4</run_address>
         <size>0x5c</size>
         <alignment>0x4</alignment>
         <input_file_ref idref="fl-7"/>
      </object_component>
      <object_component id="oc-28e">
         <name>.text.HOSTread</name>
         <load_address>0x1ab10</load_address>
         <readonly>true</readonly>
         <executable>true</executable>
         <run_address>0x1ab10</run_address>
         <size>0x58</size>
         <alignment>0x4</alignment>
         <input_file_ref idref="fl-100"/>
      </object_component>
      <object_component id="oc-292">
         <name>.text.HOSTwrite</name>
         <load_address>0x1ab68</load_address>
         <readonly>true</readonly>
         <executable>true</executable>
         <run_address>0x1ab68</run_address>
         <size>0x58</size>
         <alignment>0x4</alignment>
         <input_file_ref idref="fl-103"/>
      </object_component>
      <object_component id="oc-db">
         <name>.text.TExaS_Init</name>
         <load_address>0x1abc0</load_address>
         <readonly>true</readonly>
         <executable>true</executable>
         <run_address>0x1abc0</run_address>
         <size>0x58</size>
         <alignment>0x4</alignment>
         <input_file_ref idref="fl-e"/>
      </object_component>
      <object_component id="oc-1a3">
         <name>.text.__aeabi_idivmod</name>
         <load_address>0x1ac18</load_address>
         <readonly>true</readonly>
         <executable>true</executable>
         <run_address>0x1ac18</run_address>
         <size>0x56</size>
         <alignment>0x4</alignment>
         <input_file_ref idref="fl-10f"/>
      </object_component>
      <object_component id="oc-d4">
         <name>.text.LED_Init</name>
         <load_address>0x1ac70</load_address>
         <readonly>true</readonly>
         <executable>true</executable>
         <run_address>0x1ac70</run_address>
         <size>0x54</size>
         <alignment>0x4</alignment>
         <input_file_ref idref="fl-6"/>
      </object_component>
      <object_component id="oc-233">
         <name>.text.fillmessage</name>
         <load_address>0x1acc4</load_address>
         <readonly>true</readonly>
         <executable>true</executable>
         <run_address>0x1acc4</run_address>
         <size>0x54</size>
         <alignment>0x4</alignment>
         <input_file_ref idref="fl-a"/>
      </object_component>
      <object_component id="oc-31d">
         <name>.text.mem_cmp</name>
         <load_address>0x1ad18</load_address>
         <readonly>true</readonly>
         <executable>true</executable>
         <run_address>0x1ad18</run_address>
         <size>0x54</size>
         <alignment>0x2</alignment>
         <input_file_ref idref="fl-11"/>
      </object_component>
      <object_component id="oc-1b1">
         <name>.text.DrawBlockQuad</name>
         <load_address>0x1ad6c</load_address>
         <readonly>true</readonly>
         <executable>true</executable>
         <run_address>0x1ad6c</run_address>
         <size>0x52</size>
         <alignment>0x2</alignment>
         <input_file_ref idref="fl-7"/>
      </object_component>
      <object_component id="oc-2ac">
         <name>.text.__TI_doflush</name>
         <load_address>0x1adbe</load_address>
         <readonly>true</readonly>
         <executable>true</executable>
         <run_address>0x1adbe</run_address>
         <size>0x52</size>
         <alignment>0x2</alignment>
         <input_file_ref idref="fl-48"/>
      </object_component>
      <object_component id="oc-d9">
         <name>.text.Sound_Init</name>
         <load_address>0x1ae10</load_address>
         <readonly>true</readonly>
         <executable>true</executable>
         <run_address>0x1ae10</run_address>
         <size>0x50</size>
         <alignment>0x4</alignment>
         <input_file_ref idref="fl-c"/>
      </object_component>
      <object_component id="oc-22b">
         <name>.text.SubstCubeColor</name>
         <load_address>0x1ae60</load_address>
         <readonly>true</readonly>
         <executable>true</executable>
         <run_address>0x1ae60</run_address>
         <size>0x50</size>
         <alignment>0x4</alignment>
         <input_file_ref idref="fl-7"/>
      </object_component>
      <object_component id="oc-2b2">
         <name>.text.close</name>
         <load_address>0x1aeb0</load_address>
         <readonly>true</readonly>
         <executable>true</executable>
         <run_address>0x1aeb0</run_address>
         <size>0x50</size>
         <alignment>0x4</alignment>
         <input_file_ref idref="fl-fa"/>
      </object_component>
      <object_component id="oc-320">
         <name>.text.wait_ready</name>
         <load_address>0x1af00</load_address>
         <readonly>true</readonly>
         <executable>true</executable>
         <run_address>0x1af00</run_address>
         <size>0x50</size>
         <alignment>0x4</alignment>
         <input_file_ref idref="fl-10"/>
      </object_component>
      <object_component id="oc-321">
         <name>.text.xmit_spi_multi</name>
         <load_address>0x1af50</load_address>
         <readonly>true</readonly>
         <executable>true</executable>
         <run_address>0x1af50</run_address>
         <size>0x50</size>
         <alignment>0x4</alignment>
         <input_file_ref idref="fl-10"/>
      </object_component>
      <object_component id="oc-8e">
         <name>.text.ADCin</name>
         <load_address>0x1afa0</load_address>
         <readonly>true</readonly>
         <executable>true</executable>
         <run_address>0x1afa0</run_address>
         <size>0x4c</size>
         <alignment>0x4</alignment>
         <input_file_ref idref="fl-1"/>
      </object_component>
      <object_component id="oc-28a">
         <name>.text.HOSTclose</name>
         <load_address>0x1afec</load_address>
         <readonly>true</readonly>
         <executable>true</executable>
         <run_address>0x1afec</run_address>
         <size>0x48</size>
         <alignment>0x4</alignment>
         <input_file_ref idref="fl-fd"/>
      </object_component>
      <object_component id="oc-29a">
         <name>.text.HOSTunlink</name>
         <load_address>0x1b034</load_address>
         <readonly>true</readonly>
         <executable>true</executable>
         <run_address>0x1b034</run_address>
         <size>0x48</size>
         <alignment>0x4</alignment>
         <input_file_ref idref="fl-102"/>
      </object_component>
      <object_component id="oc-16d">
         <name>.text.SPI_LCD_Enter</name>
         <load_address>0x1b07c</load_address>
         <readonly>true</readonly>
         <executable>true</executable>
         <run_address>0x1b07c</run_address>
         <size>0x48</size>
         <alignment>0x4</alignment>
         <input_file_ref idref="fl-c"/>
      </object_component>
      <object_component id="oc-1de">
         <name>.text.SPI_OutCommand</name>
         <load_address>0x1b0c4</load_address>
         <readonly>true</readonly>
         <executable>true</executable>
         <run_address>0x1b0c4</run_address>
         <size>0x48</size>
         <alignment>0x4</alignment>
         <input_file_ref idref="fl-9"/>
      </object_component>
      <object_component id="oc-2c6">
         <name>.text.xchg_spi</name>
         <load_address>0x1b10c</load_address>
         <readonly>true</readonly>
         <executable>true</executable>
         <run_address>0x1b10c</run_address>
         <size>0x48</size>
         <alignment>0x4</alignment>
         <input_file_ref idref="fl-10"/>
      </object_component>
      <object_component id="oc-15a">
         <name>.text.SysTick_IntArm</name>
         <load_address>0x1b154</load_address>
         <readonly>true</readonly>
         <executable>true</executable>
         <run_address>0x1b154</run_address>
         <size>0x44</size>
         <alignment>0x4</alignment>
         <input_file_ref idref="fl-c"/>
      </object_component>
      <object_component id="oc-319">
         <name>.text.select</name>
         <load_address>0x1b198</load_address>
         <readonly>true</readonly>
         <executable>true</executable>
         <run_address>0x1b198</run_address>
         <size>0x44</size>
         <alignment>0x4</alignment>
         <input_file_ref idref="fl-10"/>
      </object_component>
      <object_component id="oc-1b0">
         <name>.text.DrawBlock3</name>
         <load_address>0x1b1dc</load_address>
         <readonly>true</readonly>
         <executable>true</executable>
         <run_address>0x1b1dc</run_address>
         <size>0x42</size>
         <alignment>0x2</alignment>
         <input_file_ref idref="fl-7"/>
      </object_component>
      <object_component id="oc-2df">
         <name>.text.SPI_Reset</name>
         <load_address>0x1b220</load_address>
         <readonly>true</readonly>
         <executable>true</executable>
         <run_address>0x1b220</run_address>
         <size>0x40</size>
         <alignment>0x4</alignment>
         <input_file_ref idref="fl-9"/>
      </object_component>
      <object_component id="oc-41">
         <name>.text.TIMG7_IRQHandler</name>
         <load_address>0x1b260</load_address>
         <readonly>true</readonly>
         <executable>true</executable>
         <run_address>0x1b260</run_address>
         <size>0x40</size>
         <alignment>0x4</alignment>
         <input_file_ref idref="fl-e"/>
      </object_component>
      <object_component id="oc-15f">
         <name>.text.__aeabi_uidivmod</name>
         <load_address>0x1b2a0</load_address>
         <readonly>true</readonly>
         <executable>true</executable>
         <run_address>0x1b2a0</run_address>
         <size>0x40</size>
         <alignment>0x4</alignment>
         <input_file_ref idref="fl-112"/>
      </object_component>
      <object_component id="oc-1f8">
         <name>.text._search_fp</name>
         <load_address>0x1b2e0</load_address>
         <readonly>true</readonly>
         <executable>true</executable>
         <run_address>0x1b2e0</run_address>
         <size>0x40</size>
         <alignment>0x4</alignment>
         <input_file_ref idref="fl-36"/>
      </object_component>
      <object_component id="oc-31b">
         <name>.text.chk_chr</name>
         <load_address>0x1b320</load_address>
         <readonly>true</readonly>
         <executable>true</executable>
         <run_address>0x1b320</run_address>
         <size>0x40</size>
         <alignment>0x2</alignment>
         <input_file_ref idref="fl-11"/>
      </object_component>
      <object_component id="oc-168">
         <name>.text.f_close</name>
         <load_address>0x1b360</load_address>
         <readonly>true</readonly>
         <executable>true</executable>
         <run_address>0x1b360</run_address>
         <size>0x40</size>
         <alignment>0x2</alignment>
         <input_file_ref idref="fl-11"/>
      </object_component>
      <object_component id="oc-1b6">
         <name>.text.DrawBlockStep</name>
         <load_address>0x1b3a0</load_address>
         <readonly>true</readonly>
[...]
      </symbol>
      <symbol id="sm-3b1">
         <name>CS_Init</name>
         <value>0x1bb91</value>
         <object_component_ref idref="oc-32c"/>
      </symbol>
      <symbol id="sm-3b2">
         <name>SPI1_Init</name>
         <value>0x16f75</value>
         <object_component_ref idref="oc-318"/>
      </symbol>
      <symbol id="sm-3b3">
         <name>LCDresetFlag</name>
         <value>0x202010c8</value>
      </symbol>
      <symbol id="sm-3b4">
         <name>disk_initialize</name>
         <value>0x15965</value>
         <object_component_ref idref="oc-215"/>
      </symbol>
      <symbol id="sm-3b5">
         <name>disk_status</name>
         <value>0x1b8c1</value>
         <object_component_ref idref="oc-2cd"/>
      </symbol>
      <symbol id="sm-3b6">
         <name>disk_read</name>
         <value>0x184c1</value>
         <object_component_ref idref="oc-226"/>
      </symbol>
      <symbol id="sm-3b7">
         <name>disk_write</name>
         <value>0x179d1</value>
         <object_component_ref idref="oc-228"/>
      </symbol>
      <symbol id="sm-3b8">
         <name>disk_ioctl</name>
         <value>0x14c9d</value>
         <object_component_ref idref="oc-31a"/>
      </symbol>
      <symbol id="sm-3b9">
         <name>disk_timerproc</name>
         <value>0x1a575</value>
         <object_component_ref idref="oc-82"/>
      </symbol>
      <symbol id="sm-3ba">
         <name>TIMG6_IRQHandler</name>
         <value>0x1bc91</value>
         <object_component_ref idref="oc-3c"/>
      </symbol>
      <symbol id="sm-427">
         <name>clust2sect</name>
         <value>0x1b5e9</value>
         <object_component_ref idref="oc-225"/>
      </symbol>
      <symbol id="sm-428">
         <name>get_fat</name>
         <value>0x16a3d</value>
         <object_component_ref idref="oc-224"/>
      </symbol>
      <symbol id="sm-429">
         <name>put_fat</name>
         <value>0x15d75</value>
         <object_component_ref idref="oc-2d5"/>
      </symbol>
      <symbol id="sm-42a">
         <name>f_mount</name>
         <value>0x19aa9</value>
         <object_component_ref idref="oc-216"/>
      </symbol>
      <symbol id="sm-42b">
         <name>f_open</name>
         <value>0x15491</value>
         <object_component_ref idref="oc-16e"/>
      </symbol>
      <symbol id="sm-42c">
         <name>f_read</name>
         <value>0x151f9</value>
         <object_component_ref idref="oc-16f"/>
      </symbol>
      <symbol id="sm-42d">
         <name>f_sync</name>
         <value>0x17d11</value>
         <object_component_ref idref="oc-219"/>
      </symbol>
      <symbol id="sm-42e">
         <name>f_close</name>
         <value>0x1b361</value>
         <object_component_ref idref="oc-168"/>
      </symbol>
      <symbol id="sm-42f">
         <name>f_lseek</name>
         <value>0x14f55</value>
         <object_component_ref idref="oc-183"/>
      </symbol>
      <symbol id="sm-441">
         <name>Default_Handler</name>
         <value>0x1bc3d</value>
         <object_component_ref idref="oc-35"/>
      </symbol>
      <symbol id="sm-442">
         <name>Reset_Handler</name>
         <value>0x1bebd</value>
         <object_component_ref idref="oc-31"/>
      </symbol>
      <symbol id="sm-443">
         <name>HardFault_Handler</name>
         <value>0x1bc59</value>
         <object_component_ref idref="oc-36"/>
      </symbol>
      <symbol id="sm-444">
         <name>interruptVectors</name>
         <value>0x0</value>
         <object_component_ref idref="oc-18"/>
      </symbol>
      <symbol id="sm-445">
         <name>NMI_Handler</name>
         <value>0x1bc3d</value>
         <object_component_ref idref="oc-35"/>
      </symbol>
      <symbol id="sm-446">
         <name>SVC_Handler</name>
         <value>0x1bc3d</value>
         <object_component_ref idref="oc-35"/>
      </symbol>
      <symbol id="sm-447">
         <name>PendSV_Handler</name>
         <value>0x1bc3d</value>
         <object_component_ref idref="oc-35"/>
      </symbol>
      <symbol id="sm-448">
         <name>GROUP0_IRQHandler</name>
         <value>0x1bc3d</value>
         <object_component_ref idref="oc-35"/>
      </symbol>
      <symbol id="sm-449">
         <name>GROUP1_IRQHandler</name>
         <value>0x1bc3d</value>
         <object_component_ref idref="oc-35"/>
      </symbol>
      <symbol id="sm-44a">
         <name>TIMG8_IRQHandler</name>
         <value>0x1bc3d</value>
         <object_component_ref idref="oc-35"/>
      </symbol>
      <symbol id="sm-44b">
         <name>UART3_IRQHandler</name>
         <value>0x1bc3d</value>
         <object_component_ref idref="oc-35"/>
      </symbol>
      <symbol id="sm-44c">
         <name>ADC0_IRQHandler</name>
         <value>0x1bc3d</value>
         <object_component_ref idref="oc-35"/>
      </symbol>
      <symbol id="sm-44d">
         <name>ADC1_IRQHandler</name>
         <value>0x1bc3d</value>
         <object_component_ref idref="oc-35"/>
      </symbol>
      <symbol id="sm-44e">
         <name>CANFD0_IRQHandler</name>
         <value>0x1bc3d</value>
         <object_component_ref idref="oc-35"/>
      </symbol>
      <symbol id="sm-44f">
         <name>DAC0_IRQHandler</name>
         <value>0x1bc3d</value>
         <object_component_ref idref="oc-35"/>
      </symbol>
      <symbol id="sm-450">
         <name>SPI0_IRQHandler</name>
         <value>0x1bc3d</value>
         <object_component_ref idref="oc-35"/>
      </symbol>
      <symbol id="sm-451">
         <name>SPI1_IRQHandler</name>
         <value>0x1bc3d</value>
         <object_component_ref idref="oc-35"/>
      </symbol>
      <symbol id="sm-452">
         <name>UART1_IRQHandler</name>
         <value>0x1bc3d</value>
         <object_component_ref idref="oc-35"/>
      </symbol>
      <symbol id="sm-453">
         <name>UART2_IRQHandler</name>
         <value>0x1bc3d</value>
         <object_component_ref idref="oc-35"/>
      </symbol>
      <symbol id="sm-454">
         <name>UART0_IRQHandler</name>
         <value>0x1bc3d</value>
         <object_component_ref idref="oc-35"/>
      </symbol>
      <symbol id="sm-455">
         <name>TIMG0_IRQHandler</name>
         <value>0x1bc3d</value>
         <object_component_ref idref="oc-35"/>
      </symbol>
      <symbol id="sm-456">
         <name>TIMA0_IRQHandler</name>
         <value>0x1bc3d</value>
         <object_component_ref idref="oc-35"/>
      </symbol>
      <symbol id="sm-457">
         <name>TIMA1_IRQHandler</name>
         <value>0x1bc3d</value>
         <object_component_ref idref="oc-35"/>
      </symbol>
      <symbol id="sm-458">
         <name>I2C0_IRQHandler</name>
         <value>0x1bc3d</value>
         <object_component_ref idref="oc-35"/>
      </symbol>
      <symbol id="sm-459">
         <name>I2C1_IRQHandler</name>
         <value>0x1bc3d</value>
         <object_component_ref idref="oc-35"/>
      </symbol>
      <symbol id="sm-45a">
         <name>AES_IRQHandler</name>
         <value>0x1bc3d</value>
         <object_component_ref idref="oc-35"/>
      </symbol>
      <symbol id="sm-45b">
         <name>RTC_IRQHandler</name>
         <value>0x1bc3d</value>
         <object_component_ref idref="oc-35"/>
      </symbol>
      <symbol id="sm-45c">
         <name>DMA_IRQHandler</name>
         <value>0x1bc3d</value>
         <object_component_ref idref="oc-35"/>
      </symbol>
      <symbol id="sm-45d">
         <name>__TI_ATRegion0_src_addr</name>
         <value>0x0</value>
      </symbol>
      <symbol id="sm-45e">
         <name>__TI_ATRegion0_trg_addr</name>
         <value>0x0</value>
      </symbol>
      <symbol id="sm-45f">
         <name>__TI_ATRegion0_region_sz</name>
         <value>0x0</value>
      </symbol>
      <symbol id="sm-460">
         <name>__TI_ATRegion1_src_addr</name>
         <value>0x0</value>
      </symbol>
      <symbol id="sm-461">
         <name>__TI_ATRegion1_trg_addr</name>
         <value>0x0</value>
      </symbol>
      <symbol id="sm-462">
         <name>__TI_ATRegion1_region_sz</name>
         <value>0x0</value>
      </symbol>
      <symbol id="sm-463">
         <name>__TI_ATRegion2_src_addr</name>
         <value>0x0</value>
      </symbol>
      <symbol id="sm-464">
         <name>__TI_ATRegion2_trg_addr</name>
         <value>0x0</value>
      </symbol>
      <symbol id="sm-465">
         <name>__TI_ATRegion2_region_sz</name>
         <value>0x0</value>
      </symbol>
      <symbol id="sm-47e">
         <name>fopen</name>
         <value>0x1b8f1</value>
         <object_component_ref idref="oc-139"/>
      </symbol>
      <symbol id="sm-47f">
         <name>__TI_cleanup</name>
         <value>0x1b6f1</value>
         <object_component_ref idref="oc-205"/>
      </symbol>
      <symbol id="sm-480">
         <name>freopen</name>
         <value>0x1b7f5</value>
         <object_component_ref idref="oc-13f"/>
      </symbol>
      <symbol id="sm-48a">
         <name>setvbuf</name>
         <value>0x185a5</value>
         <object_component_ref idref="oc-140"/>
      </symbol>
      <symbol id="sm-499">
         <name>abort</name>
         <value>0x1beb3</value>
         <object_component_ref idref="oc-110"/>
      </symbol>
      <symbol id="sm-49a">
         <name>__TI_cleanup_ptr</name>
         <value>0x20201380</value>
         <object_component_ref idref="oc-1d2"/>
      </symbol>
      <symbol id="sm-49b">
         <name>__TI_dtors_ptr</name>
         <value>0x20201384</value>
         <object_component_ref idref="oc-1d2"/>
      </symbol>
      <symbol id="sm-49c">
         <name>exit</name>
         <value>0x1b78d</value>
         <object_component_ref idref="oc-115"/>
      </symbol>
      <symbol id="sm-4a5">
         <name>_nop</name>
         <value>0x19127</value>
         <object_component_ref idref="oc-274"/>
      </symbol>
      <symbol id="sm-4a6">
         <name>_lock</name>
         <value>0x202013e0</value>
         <object_component_ref idref="oc-1d0"/>
      </symbol>
      <symbol id="sm-4a7">
         <name>_unlock</name>
         <value>0x202013e4</value>
         <object_component_ref idref="oc-1d3"/>
      </symbol>
      <symbol id="sm-4ad">
         <name>_ftable</name>
         <value>0x202010dc</value>
         <object_component_ref idref="oc-14d"/>
      </symbol>
      <symbol id="sm-4ae">
         <name>__TI_ft_end</name>
         <value>0x202013dc</value>
         <object_component_ref idref="oc-2a7"/>
      </symbol>
      <symbol id="sm-4af">
         <name>__TI_tmpnams</name>
         <value>0x20200f84</value>
         <object_component_ref idref="oc-2ba"/>
      </symbol>
      <symbol id="sm-4d2">
         <name>malloc</name>
         <value>0x1be81</value>
         <object_component_ref idref="oc-204"/>
      </symbol>
      <symbol id="sm-4d3">
         <name>aligned_alloc</name>
         <value>0x17bfd</value>
         <object_component_ref idref="oc-2c0"/>
      </symbol>
      <symbol id="sm-4d4">
         <name>free</name>
         <value>0x183d9</value>
         <object_component_ref idref="oc-202"/>
      </symbol>
      <symbol id="sm-4d5">
         <name>_sys_memory</name>
         <value>0x20201420</value>
         <object_component_ref idref="oc-2f"/>
      </symbol>
      <symbol id="sm-4d6">
         <name>memalign</name>
         <value>0x17bfd</value>
         <object_component_ref idref="oc-2c0"/>
      </symbol>
      <symbol id="sm-4e1">
         <name>_c_int00_noargs</name>
         <value>0x1baf5</value>
         <object_component_ref idref="oc-66"/>
      </symbol>
      <symbol id="sm-4e2">
         <name>__stack</name>
         <value>0x20207e00</value>
         <object_component_ref idref="oc-1a"/>
      </symbol>
      <symbol id="sm-4ee">
         <name>__TI_auto_init_nobinit_nopinit</name>
         <value>0x1b4cd</value>
         <object_component_ref idref="oc-117"/>
      </symbol>
      <symbol id="sm-4f6">
         <name>_system_pre_init</name>
         <value>0x1bec1</value>
         <object_component_ref idref="oc-a2"/>
      </symbol>
      <symbol id="sm-501">
         <name>__TI_zero_init</name>
         <value>0x1be05</value>
         <object_component_ref idref="oc-63"/>
      </symbol>
      <symbol id="sm-50a">
         <name>__TI_decompress_none</name>
         <value>0x1bdb3</value>
         <object_component_ref idref="oc-20"/>
      </symbol>
      <symbol id="sm-515">
         <name>__TI_decompress_lzss</name>
         <value>0x1a2b1</value>
         <object_component_ref idref="oc-1c"/>
      </symbol>
      <symbol id="sm-521">
         <name>__TI_closefile</name>
         <value>0x1a235</value>
         <object_component_ref idref="oc-1fc"/>
      </symbol>
      <symbol id="sm-52b">
         <name>__TI_doflush</name>
         <value>0x1adbf</value>
         <object_component_ref idref="oc-2ac"/>
      </symbol>
      <symbol id="sm-53e">
         <name>HOSTexit</name>
         <value>0x1beb9</value>
         <object_component_ref idref="oc-1ca"/>
      </symbol>
      <symbol id="sm-53f">
         <name>C$$EXIT</name>
         <value>0x1beb8</value>
         <object_component_ref idref="oc-1ca"/>
      </symbol>
      <symbol id="sm-549">
         <name>write</name>
         <value>0x1bacd</value>
         <object_component_ref idref="oc-305"/>
      </symbol>
      <symbol id="sm-54e">
         <name>_device</name>
         <value>0x2020127c</value>
         <object_component_ref idref="oc-1f3"/>
      </symbol>
      <symbol id="sm-54f">
         <name>_stream</name>
         <value>0x202012f4</value>
         <object_component_ref idref="oc-301"/>
      </symbol>
      <symbol id="sm-558">
         <name>remove</name>
         <value>0x1beab</value>
         <object_component_ref idref="oc-2b6"/>
      </symbol>
      <symbol id="sm-564">
         <name>open</name>
         <value>0x197a5</value>
         <object_component_ref idref="oc-2a8"/>
      </symbol>
      <symbol id="sm-56f">
         <name>close</name>
         <value>0x1aeb1</value>
         <object_component_ref idref="oc-2b2"/>
      </symbol>
      <symbol id="sm-57b">
         <name>add_device</name>
         <value>0x18205</value>
         <object_component_ref idref="oc-135"/>
      </symbol>
      <symbol id="sm-585">
         <name>unlink</name>
         <value>0x1b9fd</value>
         <object_component_ref idref="oc-30e"/>
      </symbol>
      <symbol id="sm-58f">
         <name>HOSTclose</name>
         <value>0x1afed</value>
         <object_component_ref idref="oc-28a"/>
      </symbol>
      <symbol id="sm-599">
         <name>HOSTlseek</name>
         <value>0x1a5e5</value>
         <object_component_ref idref="oc-296"/>
      </symbol>
      <symbol id="sm-5a3">
         <name>HOSTopen</name>
         <value>0x1a9f5</value>
         <object_component_ref idref="oc-286"/>
      </symbol>
      <symbol id="sm-5a4">
         <name>parmbuf</name>
         <value>0x202010b0</value>
         <object_component_ref idref="oc-2e8"/>
      </symbol>
      <symbol id="sm-5ae">
         <name>HOSTread</name>
         <value>0x1ab11</value>
         <object_component_ref idref="oc-28e"/>
      </symbol>
      <symbol id="sm-5bf">
         <name>HOSTrename</name>
         <value>0x1a651</value>
         <object_component_ref idref="oc-29e"/>
      </symbol>
      <symbol id="sm-5c9">
         <name>HOSTunlink</name>
         <value>0x1b035</value>
         <object_component_ref idref="oc-29a"/>
      </symbol>
      <symbol id="sm-5d3">
         <name>HOSTwrite</name>
         <value>0x1ab69</value>
         <object_component_ref idref="oc-292"/>
      </symbol>
      <symbol id="sm-5e1">
         <name>C$$IO$$</name>
         <value>0x1b785</value>
         <object_component_ref idref="oc-2e1"/>
      </symbol>
      <symbol id="sm-5e2">
         <name>__TI_writemsg</name>
         <value>0x1b759</value>
         <object_component_ref idref="oc-2e1"/>
      </symbol>
      <symbol id="sm-5e3">
         <name>__CIOBUF_</name>
         <value>0x20200e64</value>
         <object_component_ref idref="oc-322"/>
      </symbol>
      <symbol id="sm-5e4">
         <name>__TI_readmsg</name>
         <value>0x1b725</value>
         <object_component_ref idref="oc-2e7"/>
      </symbol>
      <symbol id="sm-5e5">
         <name>_CIOBUF_</name>
         <value>0x20200e64</value>
         <object_component_ref idref="oc-322"/>
      </symbol>
      <symbol id="sm-5eb">
         <name>__aeabi_idiv</name>
         <value>0x1ac19</value>
         <object_component_ref idref="oc-1a3"/>
      </symbol>
      <symbol id="sm-5ec">
         <name>__aeabi_idivmod</name>
         <value>0x1ac19</value>
         <object_component_ref idref="oc-1a3"/>
      </symbol>
      <symbol id="sm-5f2">
         <name>__aeabi_memcpy</name>
         <value>0x19e99</value>
         <object_component_ref idref="oc-56"/>
      </symbol>
      <symbol id="sm-5f3">
         <name>__aeabi_memcpy4</name>
         <value>0x19e99</value>
         <object_component_ref idref="oc-56"/>
      </symbol>
      <symbol id="sm-5f4">
         <name>__aeabi_memcpy8</name>
         <value>0x19e99</value>
         <object_component_ref idref="oc-56"/>
      </symbol>
      <symbol id="sm-5fb">
         <name>__aeabi_memclr</name>
         <value>0x1be75</value>
         <object_component_ref idref="oc-9d"/>
      </symbol>
      <symbol id="sm-5fc">
         <name>__aeabi_memclr4</name>
         <value>0x1be75</value>
         <object_component_ref idref="oc-9d"/>
      </symbol>
      <symbol id="sm-5fd">
         <name>__aeabi_memclr8</name>
         <value>0x1be75</value>
         <object_component_ref idref="oc-9d"/>
      </symbol>
      <symbol id="sm-603">
         <name>__aeabi_uidiv</name>
         <value>0x1b2a1</value>
         <object_component_ref idref="oc-15f"/>
      </symbol>
      <symbol id="sm-604">
         <name>__aeabi_uidivmod</name>
         <value>0x1b2a1</value>
         <object_component_ref idref="oc-15f"/>
      </symbol>
      <symbol id="sm-60f">
         <name>__aeabi_idiv0</name>
         <value>0x178b7</value>
         <object_component_ref idref="oc-20f"/>
      </symbol>
      <symbol id="sm-61d">
         <name>finddevice</name>
         <value>0x1b7c1</value>
         <object_component_ref idref="oc-1ec"/>
      </symbol>
      <symbol id="sm-61e">
         <name>getdevice</name>
         <value>0x1a729</value>
         <object_component_ref idref="oc-2ff"/>
      </symbol>
      <symbol id="sm-627">
         <name>TI_memcpy_small</name>
         <value>0x1bda1</value>
         <object_component_ref idref="oc-bc"/>
      </symbol>
      <symbol id="sm-630">
         <name>TI_memset_small</name>
         <value>0x1be4d</value>
         <object_component_ref idref="oc-12a"/>
      </symbol>
      <symbol id="sm-638">
         <name>strcmp</name>
         <value>0x19ea1</value>
         <object_component_ref idref="oc-280"/>
      </symbol>
      <symbol id="sm-639">
         <name>__TI_static_base__</name>
         <value>0x0</value>
      </symbol>
      <symbol id="sm-63c">
         <name>__mpu_init</name>
         <value>0x0</value>
      </symbol>
      <symbol id="sm-63d">
         <name>_system_post_cinit</name>
         <value>0x0</value>
      </symbol>
   </symbol_table>
   <title>Link successful</title>
</link_info>
